// Jest Snapshot v1, https://goo.gl/fbAQLP

exports[`TaskBoardBody displays swimlanes for solo cards or cards with children 1`] = `
<div
  class="taskboard-body"
  data-test="taskboard-body"
>
  
  
  
  <solo-swimlane-stub
    swimlane="[object Object]"
  />
  
  
  
  
  <children-swimlane-stub
    swimlane="[object Object]"
  />
  
  
  
  <!--v-if-->
</div>
`;
