// Jest Snapshot v1, https://goo.gl/fbAQLP

exports[`CriterionOwner should render the component with an already selected user 1`] = `
<div
  class="tlp-form-element document-search-criterion document-search-criterion-owner"
>
  <label
    class="tlp-label"
    for="document-criterion-owner-owner"
  >
    Owner
  </label>
  <select
    class="tlp-input"
    id="document-criterion-owner-owner"
  >
    <option>
      John Doe
    </option>
    
    
  </select>
</div>
`;
