// Jest Snapshot v1, https://goo.gl/fbAQLP

exports[`SearchInformationPopover should display a popover content 1`] = `
<div
  class="popover-information"
  criterion="Cars"
>
  <span>
    <i
      class="fa-solid fa-question-circle popover-search-icon"
    />
  </span>
  <section
    class="tlp-popover popover-search"
  >
    <div
      class="tlp-popover-arrow"
    />
    <div
      class="tlp-popover-header"
    >
      <h1
        class="tlp-popover-title"
      >
        Search help
      </h1>
    </div>
    <div
      class="tlp-popover-body"
    >
      <p>
        Cars go brrrrrr
      </p>
      <p>
        Search allowed pattern:
      </p>
      <ul>
        <li>
          lorem =&gt; exactly "lorem"
        </li>
        <li>
          lorem* =&gt; starting by "lorem"
        </li>
        <li>
          *lorem =&gt; finishing by "lorem"
        </li>
        <li>
          *lorem* =&gt; contains "lorem"
        </li>
      </ul>
    </div>
  </section>
</div>
`;
