// Jest Snapshot v1, https://goo.gl/fbAQLP

exports[`QuickLookLink renders quick look for link document 1`] = `
<div
  class="document-quick-look-document-action"
>
  <button
    class="tlp-button-primary tlp-button-small"
    type="button"
  >
    Open link 
    <i
      aria-hidden="true"
      class="fa-solid fa-right-long tlp-button-icon-right"
    />
  </button>
  <drop-down-quick-look-stub
    item="[object Object]"
  />
</div>
`;
