// Jest Snapshot v1, https://goo.gl/fbAQLP

exports[`QuickLookItemIsLockedMessage renders locked message for document 1`] = `
<div
  class="tlp-alert-info document-preview-item-is-locked-icon"
>
  This document is currently locked by 
  <user-name-stub />
</div>
`;
