// Jest Snapshot v1, https://goo.gl/fbAQLP

exports[`QuickLookEmpty Component can be rendered for empty 1`] = `
<div
  class="document-quick-look-document-action"
>
  <new-version-empty-dropdown-stub
    item="[object Object]"
  />
  <drop-down-quick-look-stub
    item="[object Object]"
  />
</div>
`;
