// Jest Snapshot v1, https://goo.gl/fbAQLP

exports[`LabelEditor Displays a texteara with its mirror to edit the label 1`] = `
<div
  class="taskboard-card-label-editor"
>
  <textarea
    class="tlp-textarea taskboard-card-label-input-mirror"
    rows="1"
    value="Lorem ipsum doloret"
  />
  <textarea
    aria-label="Set card label"
    class="tlp-textarea taskboard-card-label-input"
    data-navigation="add-form"
    data-test="label-editor"
    placeholder="Card labelâ€¦"
    rows="1"
    value="Lorem ipsum doloret"
  />
</div>
`;
