// Jest Snapshot v1, https://goo.gl/fbAQLP

exports[`LinkCellTitle should render link title 1`] = `
<div>
  <fake-caret-stub
    item="[object Object]"
  />
  <i
    class="fa-fw document-folder-content-icon fa-solid fa-link document-link-icon"
  />
  <a
    class="document-folder-subitem-link"
    draggable="false"
    href="/plugins/docman/?group_id=101&action=show&id=42"
  >
    my link
    <i
      aria-hidden="true"
      class="fas document-action-icon fa-arrow-right"
    />
  </a>
</div>
`;
