// Jest Snapshot v1, https://goo.gl/fbAQLP

exports[`CampaignEmptyState Displays empty state with new campaign creation button 1`] = `
<section
  class="empty-state-pane"
>
  <div
    class="empty-state-illustration"
  >
    <campaign-empty-state-svg-stub />
  </div>
  <p
    class="empty-state-text"
  >
    There is no test campaign yet
  </p>
  <button
    class="tlp-button-primary tlp-button-outline empty-state-action"
    data-test="new-campaign"
    type="button"
  >
    <i
      class="fa-solid fa-plus tlp-button-icon"
    />
     Create new campaign
  </button>
</section>
`;
