// Jest Snapshot v1, https://goo.gl/fbAQLP

exports[`PeoplePicker Display a select2 element 1`] = `
<select
  class="tlp-input"
  style="width: 100%;"
  value=""
>
  <!--v-if-->
</select>
`;
