// Vitest Snapshot v1, https://vitest.dev/guide/snapshot.html

exports[`PieChart Storybook snapshot > matches snapshot of pie-chart-container 1`] = `"<div class="pie-chart-container" id="normal-pie"><svg width="400" height="300"><g transform="translate(200,150)"><g class="my-pie-slice my-pie-slice-a tlp-swatch-flamingo-pink"><path class="my-pie-slice-path pie-chart-slice-path" d="M2.4492935982947065e-15,-40A40,40,0,0,1,9.572626571502322,38.83767269704208L6.381751047668215,25.891781798028056A26.666666666666668,26.666666666666668,0,0,0,1.6328623988631377e-15,-26.666666666666668Z"></path><text class="my-pie-slice-text pie-chart-slice-text" transform="translate(49.6354437049027,-6.026834012766159)" dy=".35em" style="text-anchor: start;">30</text></g><g class="my-pie-slice my-pie-slice-2 tlp-swatch-inca-silver"><path class="my-pie-slice-path pie-chart-slice-path" d="M9.572626571502322,38.83767269704208A40,40,0,0,1,-37.40064970741659,14.184195481701433L-24.93376647161106,9.456130321134289A26.666666666666668,26.666666666666668,0,0,0,6.381751047668215,25.891781798028056Z"></path><text class="my-pie-slice-text pie-chart-slice-text" transform="translate(-23.236158602188407,44.27280128266051)" dy=".35em" style="text-anchor: end;">15</text></g><g class="my-pie-slice my-pie-slice-3 tlp-swatch-chrome-silver"><path class="my-pie-slice-path pie-chart-slice-path" d="M-37.40064970741659,14.184195481701433A40,40,0,0,1,-7.347880794884118e-15,-40L-4.898587196589413e-15,-26.666666666666668A26.666666666666668,26.666666666666668,0,0,0,-24.93376647161106,9.456130321134289Z"></path><text class="my-pie-slice-text pie-chart-slice-text" transform="translate(-41.14919329468283,-28.40323733655778)" dy=".35em" style="text-anchor: end;">20</text></g></g></svg><div id="my-pie-legend"><ul class="my-legend-legend"><li class="my-pie-legend my-pie-legend-a" style="width: 10px;"><span class="my-pie-legend-color-span my-pie-legend-color-a pie-chart-span-legend-color tlp-swatch-flamingo-pink"></span><span class="my-pie-legend-text-span">Label 1</span></li><li class="my-pie-legend my-pie-legend-2" style="width: 10px;"><span class="my-pie-legend-color-span my-pie-legend-color-2 pie-chart-span-legend-color tlp-swatch-inca-silver"></span><span class="my-pie-legend-text-span">Label 2</span></li><li class="my-pie-legend my-pie-legend-3" style="width: 10px;"><span class="my-pie-legend-color-span my-pie-legend-color-3 pie-chart-span-legend-color tlp-swatch-chrome-silver"></span><span class="my-pie-legend-text-span">Label 3</span></li></ul></div></div>"`;

exports[`PieChart Storybook snapshot > matches snapshot of the legend 1`] = `"<ul class="my-legend-legend"><li class="my-pie-legend my-pie-legend-a" style="width: 10px;"><span class="my-pie-legend-color-span my-pie-legend-color-a pie-chart-span-legend-color tlp-swatch-flamingo-pink"></span><span class="my-pie-legend-text-span">Label 1</span></li><li class="my-pie-legend my-pie-legend-2" style="width: 10px;"><span class="my-pie-legend-color-span my-pie-legend-color-2 pie-chart-span-legend-color tlp-swatch-inca-silver"></span><span class="my-pie-legend-text-span">Label 2</span></li><li class="my-pie-legend my-pie-legend-3" style="width: 10px;"><span class="my-pie-legend-color-span my-pie-legend-color-3 pie-chart-span-legend-color tlp-swatch-chrome-silver"></span><span class="my-pie-legend-text-span">Label 3</span></li></ul>"`;
