// Jest Snapshot v1, https://goo.gl/fbAQLP

exports[`NoContentEmptyState displays a cell that span on the whole table 1`] = `
<section
  class="empty-state-page"
>
  <div
    class="empty-state-illustration"
  >
    <no-content-empty-state-illustration-stub />
  </div>
   
  <h1
    class="empty-state-title"
  >
    
        This taskboard is empty
    
  </h1>
</section>
`;
