// Jest Snapshot v1, https://goo.gl/fbAQLP

exports[`TrackerSelection loadProjects() Displays the projects in selectbox 1`] = `
<div
  class="cross-tracker-selector"
>
  <div
    class="tlp-form-element"
    data-test="cross-tracker-selector-global"
  >
    <label
      class="tlp-label"
      for="project"
    >
      
            Project
            
      <i
        aria-hidden="true"
        class="fa-solid fa-asterisk"
      />
    </label>
     
    <select
      class="cross-tracker-selector-project-input tlp-select"
      data-test="cross-tracker-selector-project"
      id="project"
      name="project"
    >
      <option
        value="[object Object]"
      >
        
                unheroically
            
      </option>
      <option
        value="[object Object]"
      >
        
                cycler
            
      </option>
    </select>
  </div>
   
  <div
    class="tlp-form-element tlp-form-element-disabled"
  >
    <label
      class="tlp-label"
      for="tracker"
    >
      
            Tracker
            
      <i
        aria-hidden="true"
        class="fa-solid fa-asterisk"
      />
    </label>
     
    <div
      class="tlp-form-element tlp-form-element-append"
    >
      <select
        class="cross-tracker-selector-tracker-input tlp-select"
        data-test="cross-tracker-selector-tracker"
        disabled="disabled"
        id="tracker"
        name="tracker"
      >
        <option
          class="cross-tracker-please-choose-option"
          value=""
        >
          
                    Please chooseâ€¦
                
        </option>
         
      </select>
       
      <button
        class="tlp-append tlp-button-primary tlp-button-outline"
        data-test="cross-tracker-selector-tracker-button"
        disabled="disabled"
        type="button"
      >
        <i
          aria-hidden="true"
          class="tlp-button-icon fa-solid fa-circle-notch fa-spin"
          data-test="tracker-loader"
        />
        
                Add
            
      </button>
    </div>
  </div>
</div>
`;
