// Jest Snapshot v1, https://goo.gl/fbAQLP

exports[`PolicyAgreement - Displays text with a clickable link 1`] = `
<div class="tlp-form-element"><label class="tlp-label tlp-checkbox"><input type="checkbox" required="" value="1"><span>I agree to the <a href="/tos/tos.php">policy agreement</a></span><i class="fa-solid fa-asterisk" aria-hidden="true"></i>
    <agreement-modal-stub></agreement-modal-stub>
  </label></div>
`;
