// Jest Snapshot v1, https://goo.gl/fbAQLP

exports[`FolderLoadingScreen displays the folder loading screen 1`] = `
<div
  class="tlp-card"
>
  <skeleton-table-stub
    cell_classes=",document-tree-cell-owner,document-tree-cell-updatedate"
    icons="fa-solid fa-folder,fa-solid fa-folder,fa-regular fa-file,fa-regular fa-file,fa-regular fa-file"
    nb_cols="3"
    nb_rows="5"
  />
</div>
`;
