// Jest Snapshot v1, https://goo.gl/fbAQLP

exports[`BoardWithoutAnyColumnsError is displays misconfiguration error for admin user 1`] = `
<section
  class="empty-state-page"
>
  <div
    class="empty-state-illustration"
  >
    <!---->
  </div>
   
  <h1
    class="empty-state-title"
  >
    
        This taskboard is not properly configured
    
  </h1>
   
  <p
    class="empty-state-text"
  >
    
        You have to configure the columns mapping.
    
  </p>
   
  <a
    class="tlp-button-primary empty-state-action"
    href="/path/to/admin"
  >
    <i
      aria-hidden="true"
      class="fas fa-long-arrow-alt-right tlp-button-icon"
    />
    
        Define columns
    
  </a>
</section>
`;
